Archive member included to satisfy reference by file (symbol)

c:/program files (x86)/atmel/studio/7.0/toolchain/avr8/avr8-gnu-toolchain/bin/../lib/gcc/avr/5.4.0/../../../../avr/lib/avr5\libm.a(divsf3.o)
                              MCAL/TIMER/TIMER.o (__divsf3)
c:/program files (x86)/atmel/studio/7.0/toolchain/avr8/avr8-gnu-toolchain/bin/../lib/gcc/avr/5.4.0/../../../../avr/lib/avr5\libm.a(divsf3x.o)
                              c:/program files (x86)/atmel/studio/7.0/toolchain/avr8/avr8-gnu-toolchain/bin/../lib/gcc/avr/5.4.0/../../../../avr/lib/avr5\libm.a(divsf3.o) (__divsf3x)
c:/program files (x86)/atmel/studio/7.0/toolchain/avr8/avr8-gnu-toolchain/bin/../lib/gcc/avr/5.4.0/../../../../avr/lib/avr5\libm.a(fixunssfsi.o)
                              MCAL/TIMER/TIMER.o (__fixunssfsi)
c:/program files (x86)/atmel/studio/7.0/toolchain/avr8/avr8-gnu-toolchain/bin/../lib/gcc/avr/5.4.0/../../../../avr/lib/avr5\libm.a(floatundisf.o)
                              MCAL/TIMER/TIMER.o (__floatundisf)
c:/program files (x86)/atmel/studio/7.0/toolchain/avr8/avr8-gnu-toolchain/bin/../lib/gcc/avr/5.4.0/../../../../avr/lib/avr5\libm.a(fp_inf.o)
                              c:/program files (x86)/atmel/studio/7.0/toolchain/avr8/avr8-gnu-toolchain/bin/../lib/gcc/avr/5.4.0/../../../../avr/lib/avr5\libm.a(divsf3x.o) (__fp_inf)
c:/program files (x86)/atmel/studio/7.0/toolchain/avr8/avr8-gnu-toolchain/bin/../lib/gcc/avr/5.4.0/../../../../avr/lib/avr5\libm.a(fp_nan.o)
                              c:/program files (x86)/atmel/studio/7.0/toolchain/avr8/avr8-gnu-toolchain/bin/../lib/gcc/avr/5.4.0/../../../../avr/lib/avr5\libm.a(divsf3x.o) (__fp_nan)
c:/program files (x86)/atmel/studio/7.0/toolchain/avr8/avr8-gnu-toolchain/bin/../lib/gcc/avr/5.4.0/../../../../avr/lib/avr5\libm.a(fp_pscA.o)
                              c:/program files (x86)/atmel/studio/7.0/toolchain/avr8/avr8-gnu-toolchain/bin/../lib/gcc/avr/5.4.0/../../../../avr/lib/avr5\libm.a(divsf3x.o) (__fp_pscA)
c:/program files (x86)/atmel/studio/7.0/toolchain/avr8/avr8-gnu-toolchain/bin/../lib/gcc/avr/5.4.0/../../../../avr/lib/avr5\libm.a(fp_pscB.o)
                              c:/program files (x86)/atmel/studio/7.0/toolchain/avr8/avr8-gnu-toolchain/bin/../lib/gcc/avr/5.4.0/../../../../avr/lib/avr5\libm.a(divsf3x.o) (__fp_pscB)
c:/program files (x86)/atmel/studio/7.0/toolchain/avr8/avr8-gnu-toolchain/bin/../lib/gcc/avr/5.4.0/../../../../avr/lib/avr5\libm.a(fp_round.o)
                              c:/program files (x86)/atmel/studio/7.0/toolchain/avr8/avr8-gnu-toolchain/bin/../lib/gcc/avr/5.4.0/../../../../avr/lib/avr5\libm.a(divsf3.o) (__fp_round)
c:/program files (x86)/atmel/studio/7.0/toolchain/avr8/avr8-gnu-toolchain/bin/../lib/gcc/avr/5.4.0/../../../../avr/lib/avr5\libm.a(fp_split3.o)
                              c:/program files (x86)/atmel/studio/7.0/toolchain/avr8/avr8-gnu-toolchain/bin/../lib/gcc/avr/5.4.0/../../../../avr/lib/avr5\libm.a(divsf3x.o) (__fp_split3)
c:/program files (x86)/atmel/studio/7.0/toolchain/avr8/avr8-gnu-toolchain/bin/../lib/gcc/avr/5.4.0/../../../../avr/lib/avr5\libm.a(fp_zero.o)
                              c:/program files (x86)/atmel/studio/7.0/toolchain/avr8/avr8-gnu-toolchain/bin/../lib/gcc/avr/5.4.0/../../../../avr/lib/avr5\libm.a(fixunssfsi.o) (__fp_zero)
c:/program files (x86)/atmel/studio/7.0/toolchain/avr8/avr8-gnu-toolchain/bin/../lib/gcc/avr/5.4.0/avr5\libgcc.a(_udivmodsi4.o)
                              MCAL/TIMER/TIMER.o (__udivmodsi4)
c:/program files (x86)/atmel/studio/7.0/toolchain/avr8/avr8-gnu-toolchain/bin/../lib/gcc/avr/5.4.0/avr5\libgcc.a(_exit.o)
                              C:/Program Files (x86)/Atmel/Studio/7.0/Packs/atmel/ATmega_DFP/1.6.364/gcc/dev/atmega32/avr5/crtatmega32.o (exit)
c:/program files (x86)/atmel/studio/7.0/toolchain/avr8/avr8-gnu-toolchain/bin/../lib/gcc/avr/5.4.0/avr5\libgcc.a(_tablejump2.o)
                              APP/app.o (__tablejump2__)
c:/program files (x86)/atmel/studio/7.0/toolchain/avr8/avr8-gnu-toolchain/bin/../lib/gcc/avr/5.4.0/avr5\libgcc.a(_copy_data.o)
                              HAL/BUTTON/BUTTON_cfg.o (__do_copy_data)
c:/program files (x86)/atmel/studio/7.0/toolchain/avr8/avr8-gnu-toolchain/bin/../lib/gcc/avr/5.4.0/avr5\libgcc.a(_clear_bss.o)
                              APP/app.o (__do_clear_bss)
c:/program files (x86)/atmel/studio/7.0/toolchain/avr8/avr8-gnu-toolchain/bin/../lib/gcc/avr/5.4.0/avr5\libgcc.a(_umulhisi3.o)
                              MCAL/TIMER/TIMER.o (__umulhisi3)

Discarded input sections

 .data          0x00000000        0x0 C:/Program Files (x86)/Atmel/Studio/7.0/Packs/atmel/ATmega_DFP/1.6.364/gcc/dev/atmega32/avr5/crtatmega32.o
 .bss           0x00000000        0x0 C:/Program Files (x86)/Atmel/Studio/7.0/Packs/atmel/ATmega_DFP/1.6.364/gcc/dev/atmega32/avr5/crtatmega32.o
 .text          0x00000000        0x0 APP/app.o
 .data          0x00000000        0x0 APP/app.o
 .bss           0x00000000        0x0 APP/app.o
 .text          0x00000000        0x0 APP/driverTest.o
 .data          0x00000000        0x0 APP/driverTest.o
 .bss           0x00000000        0x0 APP/driverTest.o
 .debug_line    0x00000000        0x0 APP/driverTest.o
 .debug_str     0x00000000      0x13a APP/driverTest.o
 .comment       0x00000000       0x31 APP/driverTest.o
 .text          0x00000000        0x0 HAL/BUTTON/BUTTON.o
 .data          0x00000000        0x0 HAL/BUTTON/BUTTON.o
 .bss           0x00000000        0x0 HAL/BUTTON/BUTTON.o
 .text.BUTTON_ReadIndex
                0x00000000       0x40 HAL/BUTTON/BUTTON.o
 .text.BUTTON_Debounce
                0x00000000       0x82 HAL/BUTTON/BUTTON.o
 .text.BUTTON_Read
                0x00000000       0xa2 HAL/BUTTON/BUTTON.o
 .text.BUTTON_SetClrPullup
                0x00000000       0x52 HAL/BUTTON/BUTTON.o
 .text.BUTTON_SetClrDebounce
                0x00000000       0x44 HAL/BUTTON/BUTTON.o
 .text          0x00000000        0x0 HAL/BUTTON/BUTTON_cfg.o
 .data          0x00000000        0x0 HAL/BUTTON/BUTTON_cfg.o
 .bss           0x00000000        0x0 HAL/BUTTON/BUTTON_cfg.o
 .rodata.countButtonsConfigured
                0x00000000        0x1 HAL/BUTTON/BUTTON_cfg.o
 .data.buttonsConfigs
                0x00000000        0x4 HAL/BUTTON/BUTTON_cfg.o
 .debug_info    0x00000000      0x1b0 HAL/BUTTON/BUTTON_cfg.o
 .debug_abbrev  0x00000000       0x95 HAL/BUTTON/BUTTON_cfg.o
 .debug_aranges
                0x00000000       0x18 HAL/BUTTON/BUTTON_cfg.o
 .debug_line    0x00000000       0xa1 HAL/BUTTON/BUTTON_cfg.o
 .debug_str     0x00000000      0x35c HAL/BUTTON/BUTTON_cfg.o
 .comment       0x00000000       0x31 HAL/BUTTON/BUTTON_cfg.o
 .text          0x00000000        0x0 HAL/LED/LED.o
 .data          0x00000000        0x0 HAL/LED/LED.o
 .bss           0x00000000        0x0 HAL/LED/LED.o
 .text.LED_Read
                0x00000000       0x54 HAL/LED/LED.o
 .text          0x00000000        0x0 HAL/LED/LED_cfg.o
 .data          0x00000000        0x0 HAL/LED/LED_cfg.o
 .bss           0x00000000        0x0 HAL/LED/LED_cfg.o
 .text          0x00000000        0x0 main.o
 .data          0x00000000        0x0 main.o
 .bss           0x00000000        0x0 main.o
 .text          0x00000000        0x0 MCAL/DIO/DIO.o
 .data          0x00000000        0x0 MCAL/DIO/DIO.o
 .bss           0x00000000        0x0 MCAL/DIO/DIO.o
 .text.DIO_TogglePin
                0x00000000       0x6e MCAL/DIO/DIO.o
 .text.DIO_SetPortValue
                0x00000000       0x62 MCAL/DIO/DIO.o
 .text.DIO_TogglePort
                0x00000000       0x60 MCAL/DIO/DIO.o
 .text.DIO_ReadPort
                0x00000000       0x74 MCAL/DIO/DIO.o
 .text.DIO_SetClrPortPullup
                0x00000000       0x70 MCAL/DIO/DIO.o
 .text.DIO_SetClrPortDirection
                0x00000000       0x70 MCAL/DIO/DIO.o
 .text.DIO_SetNibbleValue
                0x00000000       0x92 MCAL/DIO/DIO.o
 .text          0x00000000        0x0 MCAL/DIO/DIO_cfg.o
 .data          0x00000000        0x0 MCAL/DIO/DIO_cfg.o
 .bss           0x00000000        0x0 MCAL/DIO/DIO_cfg.o
 .text          0x00000000        0x0 MCAL/EXTI/EXTI.o
 .data          0x00000000        0x0 MCAL/EXTI/EXTI.o
 .bss           0x00000000        0x0 MCAL/EXTI/EXTI.o
 .text.EXTI_DisableExternalInterrupt
                0x00000000       0x36 MCAL/EXTI/EXTI.o
 .text          0x00000000        0x0 MCAL/GIE/GIE.o
 .data          0x00000000        0x0 MCAL/GIE/GIE.o
 .bss           0x00000000        0x0 MCAL/GIE/GIE.o
 .text          0x00000000        0x0 MCAL/TIMER/TIMER.o
 .data          0x00000000        0x0 MCAL/TIMER/TIMER.o
 .bss           0x00000000        0x0 MCAL/TIMER/TIMER.o
 .text.TIMER_SetCallBack
                0x00000000       0x12 MCAL/TIMER/TIMER.o
 .text.TIMER1_ConfigOC
                0x00000000       0xd6 MCAL/TIMER/TIMER.o
 .text.TIMER1_ConfigClock
                0x00000000       0xb4 MCAL/TIMER/TIMER.o
 .progmem.gcc_sw_table.TIMER1_ConfigClock
                0x00000000       0x14 MCAL/TIMER/TIMER.o
 .text.TIMER1_ConfigMode
                0x00000000      0x19a MCAL/TIMER/TIMER.o
 .progmem.gcc_sw_table.TIMER1_ConfigMode
                0x00000000       0x24 MCAL/TIMER/TIMER.o
 .text.TIMER2_ConfigClock
                0x00000000       0xb4 MCAL/TIMER/TIMER.o
 .progmem.gcc_sw_table.TIMER2_ConfigClock
                0x00000000       0x10 MCAL/TIMER/TIMER.o
 .text.TIMER2_ConfigMode
                0x00000000       0x54 MCAL/TIMER/TIMER.o
 .text.TIMER2_ConfigOC
                0x00000000       0x4c MCAL/TIMER/TIMER.o
 .text.TIMER0_SetCompareValue
                0x00000000        0x4 MCAL/TIMER/TIMER.o
 .text.TIMER0_EnableOverflowInterrupt
                0x00000000       0x24 MCAL/TIMER/TIMER.o
 .text.TIMER0_DisableOverflowInterrupt
                0x00000000        0x8 MCAL/TIMER/TIMER.o
 .text.TIMER0_EnableCompareMatchInterrupt
                0x00000000       0x24 MCAL/TIMER/TIMER.o
 .text.TIMER0_DisableCompareMatchInterrupt
                0x00000000        0x8 MCAL/TIMER/TIMER.o
 .text.TIMER0_GetTimerValue
                0x00000000        0x4 MCAL/TIMER/TIMER.o
 .text.TIMER1_Disable
                0x00000000       0x16 MCAL/TIMER/TIMER.o
 .text.TIMER1_SetCompareValue
                0x00000000       0x30 MCAL/TIMER/TIMER.o
 .text.TIMER1_SetTimer
                0x00000000       0x1a MCAL/TIMER/TIMER.o
 .text.TIMER1_Init
                0x00000000       0x30 MCAL/TIMER/TIMER.o
 .text.TIMER1_EnableOverflowInterrupt
                0x00000000       0x24 MCAL/TIMER/TIMER.o
 .text.TIMER1_DisableOverflowInterrupt
                0x00000000        0x8 MCAL/TIMER/TIMER.o
 .text.TIMER1_EnableCompareMatchInterrupt
                0x00000000       0x46 MCAL/TIMER/TIMER.o
 .text.TIMER1_DisableCompareMatchInterrupt
                0x00000000       0x1a MCAL/TIMER/TIMER.o
 .text.TIMER1_EnableCaptureInterrupt
                0x00000000       0x24 MCAL/TIMER/TIMER.o
 .text.TIMER1_DisableCaptureInterrupt
                0x00000000       0x10 MCAL/TIMER/TIMER.o
 .text.TIMER1_GetTimerValue
                0x00000000       0x20 MCAL/TIMER/TIMER.o
 .text.TIMER2_Disable
                0x00000000       0x10 MCAL/TIMER/TIMER.o
 .text.TIMER2_SetCompareValue
                0x00000000        0x4 MCAL/TIMER/TIMER.o
 .text.TIMER2_SetTimer
                0x00000000        0x4 MCAL/TIMER/TIMER.o
 .text.TIMER2_Init
                0x00000000       0x2c MCAL/TIMER/TIMER.o
 .text.TIMER2_EnableOverflowInterrupt
                0x00000000       0x24 MCAL/TIMER/TIMER.o
 .text.TIMER2_DisableOverflowInterrupt
                0x00000000        0x8 MCAL/TIMER/TIMER.o
 .text.TIMER2_EnableCompareMatchInterrupt
                0x00000000       0x24 MCAL/TIMER/TIMER.o
 .text.TIMER2_DisableCompareMatchInterrupt
                0x00000000        0x8 MCAL/TIMER/TIMER.o
 .text.TIMER2_GetTimerValue
                0x00000000        0x4 MCAL/TIMER/TIMER.o
 .text.PWM_Init
                0x00000000       0x94 MCAL/TIMER/TIMER.o
 .text.PWM_Write
                0x00000000       0x94 MCAL/TIMER/TIMER.o
 .text          0x00000000        0x0 c:/program files (x86)/atmel/studio/7.0/toolchain/avr8/avr8-gnu-toolchain/bin/../lib/gcc/avr/5.4.0/../../../../avr/lib/avr5\libm.a(divsf3.o)
 .data          0x00000000        0x0 c:/program files (x86)/atmel/studio/7.0/toolchain/avr8/avr8-gnu-toolchain/bin/../lib/gcc/avr/5.4.0/../../../../avr/lib/avr5\libm.a(divsf3.o)
 .bss           0x00000000        0x0 c:/program files (x86)/atmel/studio/7.0/toolchain/avr8/avr8-gnu-toolchain/bin/../lib/gcc/avr/5.4.0/../../../../avr/lib/avr5\libm.a(divsf3.o)
 .text          0x00000000        0x0 c:/program files (x86)/atmel/studio/7.0/toolchain/avr8/avr8-gnu-toolchain/bin/../lib/gcc/avr/5.4.0/../../../../avr/lib/avr5\libm.a(divsf3x.o)
 .data          0x00000000        0x0 c:/program files (x86)/atmel/studio/7.0/toolchain/avr8/avr8-gnu-toolchain/bin/../lib/gcc/avr/5.4.0/../../../../avr/lib/avr5\libm.a(divsf3x.o)
 .bss           0x00000000        0x0 c:/program files (x86)/atmel/studio/7.0/toolchain/avr8/avr8-gnu-toolchain/bin/../lib/gcc/avr/5.4.0/../../../../avr/lib/avr5\libm.a(divsf3x.o)
 .text          0x00000000        0x0 c:/program files (x86)/atmel/studio/7.0/toolchain/avr8/avr8-gnu-toolchain/bin/../lib/gcc/avr/5.4.0/../../../../avr/lib/avr5\libm.a(fixunssfsi.o)
 .data          0x00000000        0x0 c:/program files (x86)/atmel/studio/7.0/toolchain/avr8/avr8-gnu-toolchain/bin/../lib/gcc/avr/5.4.0/../../../../avr/lib/avr5\libm.a(fixunssfsi.o)
 .bss           0x00000000        0x0 c:/program files (x86)/atmel/studio/7.0/toolchain/avr8/avr8-gnu-toolchain/bin/../lib/gcc/avr/5.4.0/../../../../avr/lib/avr5\libm.a(fixunssfsi.o)
 .text          0x00000000        0x0 c:/program files (x86)/atmel/studio/7.0/toolchain/avr8/avr8-gnu-toolchain/bin/../lib/gcc/avr/5.4.0/../../../../avr/lib/avr5\libm.a(floatundisf.o)
 .data          0x00000000        0x0 c:/program files (x86)/atmel/studio/7.0/toolchain/avr8/avr8-gnu-toolchain/bin/../lib/gcc/avr/5.4.0/../../../../avr/lib/avr5\libm.a(floatundisf.o)
 .bss           0x00000000        0x0 c:/program files (x86)/atmel/studio/7.0/toolchain/avr8/avr8-gnu-toolchain/bin/../lib/gcc/avr/5.4.0/../../../../avr/lib/avr5\libm.a(floatundisf.o)
 .text          0x00000000        0x0 c:/program files (x86)/atmel/studio/7.0/toolchain/avr8/avr8-gnu-toolchain/bin/../lib/gcc/avr/5.4.0/../../../../avr/lib/avr5\libm.a(fp_inf.o)
 .data          0x00000000        0x0 c:/program files (x86)/atmel/studio/7.0/toolchain/avr8/avr8-gnu-toolchain/bin/../lib/gcc/avr/5.4.0/../../../../avr/lib/avr5\libm.a(fp_inf.o)
 .bss           0x00000000        0x0 c:/program files (x86)/atmel/studio/7.0/toolchain/avr8/avr8-gnu-toolchain/bin/../lib/gcc/avr/5.4.0/../../../../avr/lib/avr5\libm.a(fp_inf.o)
 .text          0x00000000        0x0 c:/program files (x86)/atmel/studio/7.0/toolchain/avr8/avr8-gnu-toolchain/bin/../lib/gcc/avr/5.4.0/../../../../avr/lib/avr5\libm.a(fp_nan.o)
 .data          0x00000000        0x0 c:/program files (x86)/atmel/studio/7.0/toolchain/avr8/avr8-gnu-toolchain/bin/../lib/gcc/avr/5.4.0/../../../../avr/lib/avr5\libm.a(fp_nan.o)
 .bss           0x00000000        0x0 c:/program files (x86)/atmel/studio/7.0/toolchain/avr8/avr8-gnu-toolchain/bin/../lib/gcc/avr/5.4.0/../../../../avr/lib/avr5\libm.a(fp_nan.o)
 .text          0x00000000        0x0 c:/program files (x86)/atmel/studio/7.0/toolchain/avr8/avr8-gnu-toolchain/bin/../lib/gcc/avr/5.4.0/../../../../avr/lib/avr5\libm.a(fp_pscA.o)
 .data          0x00000000        0x0 c:/program files (x86)/atmel/studio/7.0/toolchain/avr8/avr8-gnu-toolchain/bin/../lib/gcc/avr/5.4.0/../../../../avr/lib/avr5\libm.a(fp_pscA.o)
 .bss           0x00000000        0x0 c:/program files (x86)/atmel/studio/7.0/toolchain/avr8/avr8-gnu-toolchain/bin/../lib/gcc/avr/5.4.0/../../../../avr/lib/avr5\libm.a(fp_pscA.o)
 .text          0x00000000        0x0 c:/program files (x86)/atmel/studio/7.0/toolchain/avr8/avr8-gnu-toolchain/bin/../lib/gcc/avr/5.4.0/../../../../avr/lib/avr5\libm.a(fp_pscB.o)
 .data          0x00000000        0x0 c:/program files (x86)/atmel/studio/7.0/toolchain/avr8/avr8-gnu-toolchain/bin/../lib/gcc/avr/5.4.0/../../../../avr/lib/avr5\libm.a(fp_pscB.o)
 .bss           0x00000000        0x0 c:/program files (x86)/atmel/studio/7.0/toolchain/avr8/avr8-gnu-toolchain/bin/../lib/gcc/avr/5.4.0/../../../../avr/lib/avr5\libm.a(fp_pscB.o)
 .text          0x00000000        0x0 c:/program files (x86)/atmel/studio/7.0/toolchain/avr8/avr8-gnu-toolchain/bin/../lib/gcc/avr/5.4.0/../../../../avr/lib/avr5\libm.a(fp_round.o)
 .data          0x00000000        0x0 c:/program files (x86)/atmel/studio/7.0/toolchain/avr8/avr8-gnu-toolchain/bin/../lib/gcc/avr/5.4.0/../../../../avr/lib/avr5\libm.a(fp_round.o)
 .bss           0x00000000        0x0 c:/program files (x86)/atmel/studio/7.0/toolchain/avr8/avr8-gnu-toolchain/bin/../lib/gcc/avr/5.4.0/../../../../avr/lib/avr5\libm.a(fp_round.o)
 .text          0x00000000        0x0 c:/program files (x86)/atmel/studio/7.0/toolchain/avr8/avr8-gnu-toolchain/bin/../lib/gcc/avr/5.4.0/../../../../avr/lib/avr5\libm.a(fp_split3.o)
 .data          0x00000000        0x0 c:/program files (x86)/atmel/studio/7.0/toolchain/avr8/avr8-gnu-toolchain/bin/../lib/gcc/avr/5.4.0/../../../../avr/lib/avr5\libm.a(fp_split3.o)
 .bss           0x00000000        0x0 c:/program files (x86)/atmel/studio/7.0/toolchain/avr8/avr8-gnu-toolchain/bin/../lib/gcc/avr/5.4.0/../../../../avr/lib/avr5\libm.a(fp_split3.o)
 .text          0x00000000        0x0 c:/program files (x86)/atmel/studio/7.0/toolchain/avr8/avr8-gnu-toolchain/bin/../lib/gcc/avr/5.4.0/../../../../avr/lib/avr5\libm.a(fp_zero.o)
 .data          0x00000000        0x0 c:/program files (x86)/atmel/studio/7.0/toolchain/avr8/avr8-gnu-toolchain/bin/../lib/gcc/avr/5.4.0/../../../../avr/lib/avr5\libm.a(fp_zero.o)
 .bss           0x00000000        0x0 c:/program files (x86)/atmel/studio/7.0/toolchain/avr8/avr8-gnu-toolchain/bin/../lib/gcc/avr/5.4.0/../../../../avr/lib/avr5\libm.a(fp_zero.o)
 .text          0x00000000        0x0 c:/program files (x86)/atmel/studio/7.0/toolchain/avr8/avr8-gnu-toolchain/bin/../lib/gcc/avr/5.4.0/avr5\libgcc.a(_udivmodsi4.o)
 .data          0x00000000        0x0 c:/program files (x86)/atmel/studio/7.0/toolchain/avr8/avr8-gnu-toolchain/bin/../lib/gcc/avr/5.4.0/avr5\libgcc.a(_udivmodsi4.o)
 .bss           0x00000000        0x0 c:/program files (x86)/atmel/studio/7.0/toolchain/avr8/avr8-gnu-toolchain/bin/../lib/gcc/avr/5.4.0/avr5\libgcc.a(_udivmodsi4.o)
 .text.libgcc.mul
                0x00000000        0x0 c:/program files (x86)/atmel/studio/7.0/toolchain/avr8/avr8-gnu-toolchain/bin/../lib/gcc/avr/5.4.0/avr5\libgcc.a(_udivmodsi4.o)
 .text.libgcc.div
                0x00000000       0x44 c:/program files (x86)/atmel/studio/7.0/toolchain/avr8/avr8-gnu-toolchain/bin/../lib/gcc/avr/5.4.0/avr5\libgcc.a(_udivmodsi4.o)
 .text.libgcc   0x00000000        0x0 c:/program files (x86)/atmel/studio/7.0/toolchain/avr8/avr8-gnu-toolchain/bin/../lib/gcc/avr/5.4.0/avr5\libgcc.a(_udivmodsi4.o)
 .text.libgcc.prologue
                0x00000000        0x0 c:/program files (x86)/atmel/studio/7.0/toolchain/avr8/avr8-gnu-toolchain/bin/../lib/gcc/avr/5.4.0/avr5\libgcc.a(_udivmodsi4.o)
 .text.libgcc.builtins
                0x00000000        0x0 c:/program files (x86)/atmel/studio/7.0/toolchain/avr8/avr8-gnu-toolchain/bin/../lib/gcc/avr/5.4.0/avr5\libgcc.a(_udivmodsi4.o)
 .text.libgcc.fmul
                0x00000000        0x0 c:/program files (x86)/atmel/studio/7.0/toolchain/avr8/avr8-gnu-toolchain/bin/../lib/gcc/avr/5.4.0/avr5\libgcc.a(_udivmodsi4.o)
 .text.libgcc.fixed
                0x00000000        0x0 c:/program files (x86)/atmel/studio/7.0/toolchain/avr8/avr8-gnu-toolchain/bin/../lib/gcc/avr/5.4.0/avr5\libgcc.a(_udivmodsi4.o)
 .text          0x00000000        0x0 c:/program files (x86)/atmel/studio/7.0/toolchain/avr8/avr8-gnu-toolchain/bin/../lib/gcc/avr/5.4.0/avr5\libgcc.a(_exit.o)
 .data          0x00000000        0x0 c:/program files (x86)/atmel/studio/7.0/toolchain/avr8/avr8-gnu-toolchain/bin/../lib/gcc/avr/5.4.0/avr5\libgcc.a(_exit.o)
 .bss           0x00000000        0x0 c:/program files (x86)/atmel/studio/7.0/toolchain/avr8/avr8-gnu-toolchain/bin/../lib/gcc/avr/5.4.0/avr5\libgcc.a(_exit.o)
 .text.libgcc.mul
                0x00000000        0x0 c:/program files (x86)/atmel/studio/7.0/toolchain/avr8/avr8-gnu-toolchain/bin/../lib/gcc/avr/5.4.0/avr5\libgcc.a(_exit.o)
 .text.libgcc.div
                0x00000000        0x0 c:/program files (x86)/atmel/studio/7.0/toolchain/avr8/avr8-gnu-toolchain/bin/../lib/gcc/avr/5.4.0/avr5\libgcc.a(_exit.o)
 .text.libgcc   0x00000000        0x0 c:/program files (x86)/atmel/studio/7.0/toolchain/avr8/avr8-gnu-toolchain/bin/../lib/gcc/avr/5.4.0/avr5\libgcc.a(_exit.o)
 .text.libgcc.prologue
                0x00000000        0x0 c:/program files (x86)/atmel/studio/7.0/toolchain/avr8/avr8-gnu-toolchain/bin/../lib/gcc/avr/5.4.0/avr5\libgcc.a(_exit.o)
 .text.libgcc.builtins
                0x00000000        0x0 c:/program files (x86)/atmel/studio/7.0/toolchain/avr8/avr8-gnu-toolchain/bin/../lib/gcc/avr/5.4.0/avr5\libgcc.a(_exit.o)
 .text.libgcc.fmul
                0x00000000        0x0 c:/program files (x86)/atmel/studio/7.0/toolchain/avr8/avr8-gnu-toolchain/bin/../lib/gcc/avr/5.4.0/avr5\libgcc.a(_exit.o)
 .text.libgcc.fixed
                0x00000000        0x0 c:/program files (x86)/atmel/studio/7.0/toolchain/avr8/avr8-gnu-toolchain/bin/../lib/gcc/avr/5.4.0/avr5\libgcc.a(_exit.o)
 .text          0x00000000        0x0 c:/program files (x86)/atmel/studio/7.0/toolchain/avr8/avr8-gnu-toolchain/bin/../lib/gcc/avr/5.4.0/avr5\libgcc.a(_tablejump2.o)
 .data          0x00000000        0x0 c:/program files (x86)/atmel/studio/7.0/toolchain/avr8/avr8-gnu-toolchain/bin/../lib/gcc/avr/5.4.0/avr5\libgcc.a(_tablejump2.o)
 .bss           0x00000000        0x0 c:/program files (x86)/atmel/studio/7.0/toolchain/avr8/avr8-gnu-toolchain/bin/../lib/gcc/avr/5.4.0/avr5\libgcc.a(_tablejump2.o)
 .text.libgcc.mul
                0x00000000        0x0 c:/program files (x86)/atmel/studio/7.0/toolchain/avr8/avr8-gnu-toolchain/bin/../lib/gcc/avr/5.4.0/avr5\libgcc.a(_tablejump2.o)
 .text.libgcc.div
                0x00000000        0x0 c:/program files (x86)/atmel/studio/7.0/toolchain/avr8/avr8-gnu-toolchain/bin/../lib/gcc/avr/5.4.0/avr5\libgcc.a(_tablejump2.o)
 .text.libgcc.prologue
                0x00000000        0x0 c:/program files (x86)/atmel/studio/7.0/toolchain/avr8/avr8-gnu-toolchain/bin/../lib/gcc/avr/5.4.0/avr5\libgcc.a(_tablejump2.o)
 .text.libgcc.builtins
                0x00000000        0x0 c:/program files (x86)/atmel/studio/7.0/toolchain/avr8/avr8-gnu-toolchain/bin/../lib/gcc/avr/5.4.0/avr5\libgcc.a(_tablejump2.o)
 .text.libgcc.fmul
                0x00000000        0x0 c:/program files (x86)/atmel/studio/7.0/toolchain/avr8/avr8-gnu-toolchain/bin/../lib/gcc/avr/5.4.0/avr5\libgcc.a(_tablejump2.o)
 .text.libgcc.fixed
                0x00000000        0x0 c:/program files (x86)/atmel/studio/7.0/toolchain/avr8/avr8-gnu-toolchain/bin/../lib/gcc/avr/5.4.0/avr5\libgcc.a(_tablejump2.o)
 .text          0x00000000        0x0 c:/program files (x86)/atmel/studio/7.0/toolchain/avr8/avr8-gnu-toolchain/bin/../lib/gcc/avr/5.4.0/avr5\libgcc.a(_copy_data.o)
 .data          0x00000000        0x0 c:/program files (x86)/atmel/studio/7.0/toolchain/avr8/avr8-gnu-toolchain/bin/../lib/gcc/avr/5.4.0/avr5\libgcc.a(_copy_data.o)
 .bss           0x00000000        0x0 c:/program files (x86)/atmel/studio/7.0/toolchain/avr8/avr8-gnu-toolchain/bin/../lib/gcc/avr/5.4.0/avr5\libgcc.a(_copy_data.o)
 .text.libgcc.mul
                0x00000000        0x0 c:/program files (x86)/atmel/studio/7.0/toolchain/avr8/avr8-gnu-toolchain/bin/../lib/gcc/avr/5.4.0/avr5\libgcc.a(_copy_data.o)
 .text.libgcc.div
                0x00000000        0x0 c:/program files (x86)/atmel/studio/7.0/toolchain/avr8/avr8-gnu-toolchain/bin/../lib/gcc/avr/5.4.0/avr5\libgcc.a(_copy_data.o)
 .text.libgcc   0x00000000        0x0 c:/program files (x86)/atmel/studio/7.0/toolchain/avr8/avr8-gnu-toolchain/bin/../lib/gcc/avr/5.4.0/avr5\libgcc.a(_copy_data.o)
 .text.libgcc.prologue
                0x00000000        0x0 c:/program files (x86)/atmel/studio/7.0/toolchain/avr8/avr8-gnu-toolchain/bin/../lib/gcc/avr/5.4.0/avr5\libgcc.a(_copy_data.o)
 .text.libgcc.builtins
                0x00000000        0x0 c:/program files (x86)/atmel/studio/7.0/toolchain/avr8/avr8-gnu-toolchain/bin/../lib/gcc/avr/5.4.0/avr5\libgcc.a(_copy_data.o)
 .text.libgcc.fmul
                0x00000000        0x0 c:/program files (x86)/atmel/studio/7.0/toolchain/avr8/avr8-gnu-toolchain/bin/../lib/gcc/avr/5.4.0/avr5\libgcc.a(_copy_data.o)
 .text.libgcc.fixed
                0x00000000        0x0 c:/program files (x86)/atmel/studio/7.0/toolchain/avr8/avr8-gnu-toolchain/bin/../lib/gcc/avr/5.4.0/avr5\libgcc.a(_copy_data.o)
 .text          0x00000000        0x0 c:/program files (x86)/atmel/studio/7.0/toolchain/avr8/avr8-gnu-toolchain/bin/../lib/gcc/avr/5.4.0/avr5\libgcc.a(_clear_bss.o)
 .data          0x00000000        0x0 c:/program files (x86)/atmel/studio/7.0/toolchain/avr8/avr8-gnu-toolchain/bin/../lib/gcc/avr/5.4.0/avr5\libgcc.a(_clear_bss.o)
 .bss           0x00000000        0x0 c:/program files (x86)/atmel/studio/7.0/toolchain/avr8/avr8-gnu-toolchain/bin/../lib/gcc/avr/5.4.0/avr5\libgcc.a(_clear_bss.o)
 .text.libgcc.mul
                0x00000000        0x0 c:/program files (x86)/atmel/studio/7.0/toolchain/avr8/avr8-gnu-toolchain/bin/../lib/gcc/avr/5.4.0/avr5\libgcc.a(_clear_bss.o)
 .text.libgcc.div
                0x00000000        0x0 c:/program files (x86)/atmel/studio/7.0/toolchain/avr8/avr8-gnu-toolchain/bin/../lib/gcc/avr/5.4.0/avr5\libgcc.a(_clear_bss.o)
 .text.libgcc   0x00000000        0x0 c:/program files (x86)/atmel/studio/7.0/toolchain/avr8/avr8-gnu-toolchain/bin/../lib/gcc/avr/5.4.0/avr5\libgcc.a(_clear_bss.o)
 .text.libgcc.prologue
                0x00000000        0x0 c:/program files (x86)/atmel/studio/7.0/toolchain/avr8/avr8-gnu-toolchain/bin/../lib/gcc/avr/5.4.0/avr5\libgcc.a(_clear_bss.o)
 .text.libgcc.builtins
                0x00000000        0x0 c:/program files (x86)/atmel/studio/7.0/toolchain/avr8/avr8-gnu-toolchain/bin/../lib/gcc/avr/5.4.0/avr5\libgcc.a(_clear_bss.o)
 .text.libgcc.fmul
                0x00000000        0x0 c:/program files (x86)/atmel/studio/7.0/toolchain/avr8/avr8-gnu-toolchain/bin/../lib/gcc/avr/5.4.0/avr5\libgcc.a(_clear_bss.o)
 .text.libgcc.fixed
                0x00000000        0x0 c:/program files (x86)/atmel/studio/7.0/toolchain/avr8/avr8-gnu-toolchain/bin/../lib/gcc/avr/5.4.0/avr5\libgcc.a(_clear_bss.o)
 .text          0x00000000        0x0 c:/program files (x86)/atmel/studio/7.0/toolchain/avr8/avr8-gnu-toolchain/bin/../lib/gcc/avr/5.4.0/avr5\libgcc.a(_umulhisi3.o)
 .data          0x00000000        0x0 c:/program files (x86)/atmel/studio/7.0/toolchain/avr8/avr8-gnu-toolchain/bin/../lib/gcc/avr/5.4.0/avr5\libgcc.a(_umulhisi3.o)
 .bss           0x00000000        0x0 c:/program files (x86)/atmel/studio/7.0/toolchain/avr8/avr8-gnu-toolchain/bin/../lib/gcc/avr/5.4.0/avr5\libgcc.a(_umulhisi3.o)
 .text.libgcc.mul
                0x00000000       0x1e c:/program files (x86)/atmel/studio/7.0/toolchain/avr8/avr8-gnu-toolchain/bin/../lib/gcc/avr/5.4.0/avr5\libgcc.a(_umulhisi3.o)
 .text.libgcc.div
                0x00000000        0x0 c:/program files (x86)/atmel/studio/7.0/toolchain/avr8/avr8-gnu-toolchain/bin/../lib/gcc/avr/5.4.0/avr5\libgcc.a(_umulhisi3.o)
 .text.libgcc   0x00000000        0x0 c:/program files (x86)/atmel/studio/7.0/toolchain/avr8/avr8-gnu-toolchain/bin/../lib/gcc/avr/5.4.0/avr5\libgcc.a(_umulhisi3.o)
 .text.libgcc.prologue
                0x00000000        0x0 c:/program files (x86)/atmel/studio/7.0/toolchain/avr8/avr8-gnu-toolchain/bin/../lib/gcc/avr/5.4.0/avr5\libgcc.a(_umulhisi3.o)
 .text.libgcc.builtins
                0x00000000        0x0 c:/program files (x86)/atmel/studio/7.0/toolchain/avr8/avr8-gnu-toolchain/bin/../lib/gcc/avr/5.4.0/avr5\libgcc.a(_umulhisi3.o)
 .text.libgcc.fmul
                0x00000000        0x0 c:/program files (x86)/atmel/studio/7.0/toolchain/avr8/avr8-gnu-toolchain/bin/../lib/gcc/avr/5.4.0/avr5\libgcc.a(_umulhisi3.o)
 .text.libgcc.fixed
                0x00000000        0x0 c:/program files (x86)/atmel/studio/7.0/toolchain/avr8/avr8-gnu-toolchain/bin/../lib/gcc/avr/5.4.0/avr5\libgcc.a(_umulhisi3.o)

Memory Configuration

Name             Origin             Length             Attributes
text             0x00000000         0x00008000         xr
data             0x00800060         0x00000800         rw !x
eeprom           0x00810000         0x00000400         rw !x
fuse             0x00820000         0x00000002         rw !x
lock             0x00830000         0x00000400         rw !x
signature        0x00840000         0x00000400         rw !x
user_signatures  0x00850000         0x00000400         rw !x
*default*        0x00000000         0xffffffff

Linker script and memory map

LOAD C:/Program Files (x86)/Atmel/Studio/7.0/Packs/atmel/ATmega_DFP/1.6.364/gcc/dev/atmega32/avr5/crtatmega32.o
LOAD APP/app.o
LOAD APP/driverTest.o
LOAD HAL/BUTTON/BUTTON.o
LOAD HAL/BUTTON/BUTTON_cfg.o
LOAD HAL/LED/LED.o
LOAD HAL/LED/LED_cfg.o
LOAD main.o
LOAD MCAL/DIO/DIO.o
LOAD MCAL/DIO/DIO_cfg.o
LOAD MCAL/EXTI/EXTI.o
LOAD MCAL/GIE/GIE.o
LOAD MCAL/TIMER/TIMER.o
START GROUP
LOAD c:/program files (x86)/atmel/studio/7.0/toolchain/avr8/avr8-gnu-toolchain/bin/../lib/gcc/avr/5.4.0/../../../../avr/lib/avr5\libm.a
END GROUP
START GROUP
LOAD c:/program files (x86)/atmel/studio/7.0/toolchain/avr8/avr8-gnu-toolchain/bin/../lib/gcc/avr/5.4.0/avr5\libgcc.a
LOAD c:/program files (x86)/atmel/studio/7.0/toolchain/avr8/avr8-gnu-toolchain/bin/../lib/gcc/avr/5.4.0/../../../../avr/lib/avr5\libm.a
LOAD c:/program files (x86)/atmel/studio/7.0/toolchain/avr8/avr8-gnu-toolchain/bin/../lib/gcc/avr/5.4.0/../../../../avr/lib/avr5\libc.a
LOAD C:/Program Files (x86)/Atmel/Studio/7.0/Packs/atmel/ATmega_DFP/1.6.364/gcc/dev/atmega32/avr5\libatmega32.a
END GROUP
                0x00000000                __TEXT_REGION_ORIGIN__ = DEFINED (__TEXT_REGION_ORIGIN__)?__TEXT_REGION_ORIGIN__:0x0
                [0x00800060]                __DATA_REGION_ORIGIN__ = DEFINED (__DATA_REGION_ORIGIN__)?__DATA_REGION_ORIGIN__:0x800060
                [0x00008000]                __TEXT_REGION_LENGTH__ = DEFINED (__TEXT_REGION_LENGTH__)?__TEXT_REGION_LENGTH__:0x20000
                [0x00000800]                __DATA_REGION_LENGTH__ = DEFINED (__DATA_REGION_LENGTH__)?__DATA_REGION_LENGTH__:0xffa0
                [0x00000400]                __EEPROM_REGION_LENGTH__ = DEFINED (__EEPROM_REGION_LENGTH__)?__EEPROM_REGION_LENGTH__:0x10000
                [0x00000002]                __FUSE_REGION_LENGTH__ = DEFINED (__FUSE_REGION_LENGTH__)?__FUSE_REGION_LENGTH__:0x400
                0x00000400                __LOCK_REGION_LENGTH__ = DEFINED (__LOCK_REGION_LENGTH__)?__LOCK_REGION_LENGTH__:0x400
                0x00000400                __SIGNATURE_REGION_LENGTH__ = DEFINED (__SIGNATURE_REGION_LENGTH__)?__SIGNATURE_REGION_LENGTH__:0x400
                0x00000400                __USER_SIGNATURE_REGION_LENGTH__ = DEFINED (__USER_SIGNATURE_REGION_LENGTH__)?__USER_SIGNATURE_REGION_LENGTH__:0x400

.hash
 *(.hash)

.dynsym
 *(.dynsym)

.dynstr
 *(.dynstr)

.gnu.version
 *(.gnu.version)

.gnu.version_d
 *(.gnu.version_d)

.gnu.version_r
 *(.gnu.version_r)

.rel.init
 *(.rel.init)

.rela.init
 *(.rela.init)

.rel.text
 *(.rel.text)
 *(.rel.text.*)
 *(.rel.gnu.linkonce.t*)

.rela.text
 *(.rela.text)
 *(.rela.text.*)
 *(.rela.gnu.linkonce.t*)

.rel.fini
 *(.rel.fini)

.rela.fini
 *(.rela.fini)

.rel.rodata
 *(.rel.rodata)
 *(.rel.rodata.*)
 *(.rel.gnu.linkonce.r*)

.rela.rodata
 *(.rela.rodata)
 *(.rela.rodata.*)
 *(.rela.gnu.linkonce.r*)

.rel.data
 *(.rel.data)
 *(.rel.data.*)
 *(.rel.gnu.linkonce.d*)

.rela.data
 *(.rela.data)
 *(.rela.data.*)
 *(.rela.gnu.linkonce.d*)

.rel.ctors
 *(.rel.ctors)

.rela.ctors
 *(.rela.ctors)

.rel.dtors
 *(.rel.dtors)

.rela.dtors
 *(.rela.dtors)

.rel.got
 *(.rel.got)

.rela.got
 *(.rela.got)

.rel.bss
 *(.rel.bss)

.rela.bss
 *(.rela.bss)

.rel.plt
 *(.rel.plt)

.rela.plt
 *(.rela.plt)

.text           0x00000000     0x12ae
 *(.vectors)
 .vectors       0x00000000       0x54 C:/Program Files (x86)/Atmel/Studio/7.0/Packs/atmel/ATmega_DFP/1.6.364/gcc/dev/atmega32/avr5/crtatmega32.o
                0x00000000                __vector_default
                0x00000000                __vectors
 *(.vectors)
 *(.progmem.gcc*)
 .progmem.gcc_sw_table.APP_UpdateState
                0x00000054        0xe APP/app.o
 .progmem.gcc_sw_table.TIMER0_ConfigClock
                0x00000062       0x14 MCAL/TIMER/TIMER.o
                0x00000076                . = ALIGN (0x2)
                0x00000076                __trampolines_start = .
 *(.trampolines)
 .trampolines   0x00000076        0x0 linker stubs
 *(.trampolines*)
                0x00000076                __trampolines_end = .
 *libprintf_flt.a:*(.progmem.data)
 *libc.a:*(.progmem.data)
 *(.progmem*)
                0x00000076                . = ALIGN (0x2)
 *(.jumptables)
 *(.jumptables*)
 *(.lowtext)
 *(.lowtext*)
                0x00000076                __ctors_start = .
 *(.ctors)
                0x00000076                __ctors_end = .
                0x00000076                __dtors_start = .
 *(.dtors)
                0x00000076                __dtors_end = .
 SORT(*)(.ctors)
 SORT(*)(.dtors)
 *(.init0)
 .init0         0x00000076        0x0 C:/Program Files (x86)/Atmel/Studio/7.0/Packs/atmel/ATmega_DFP/1.6.364/gcc/dev/atmega32/avr5/crtatmega32.o
                0x00000076                __init
 *(.init0)
 *(.init1)
 *(.init1)
 *(.init2)
 .init2         0x00000076        0xc C:/Program Files (x86)/Atmel/Studio/7.0/Packs/atmel/ATmega_DFP/1.6.364/gcc/dev/atmega32/avr5/crtatmega32.o
 *(.init2)
 *(.init3)
 *(.init3)
 *(.init4)
 .init4         0x00000082       0x16 c:/program files (x86)/atmel/studio/7.0/toolchain/avr8/avr8-gnu-toolchain/bin/../lib/gcc/avr/5.4.0/avr5\libgcc.a(_copy_data.o)
                0x00000082                __do_copy_data
 .init4         0x00000098       0x10 c:/program files (x86)/atmel/studio/7.0/toolchain/avr8/avr8-gnu-toolchain/bin/../lib/gcc/avr/5.4.0/avr5\libgcc.a(_clear_bss.o)
                0x00000098                __do_clear_bss
 *(.init4)
 *(.init5)
 *(.init5)
 *(.init6)
 *(.init6)
 *(.init7)
 *(.init7)
 *(.init8)
 *(.init8)
 *(.init9)
 .init9         0x000000a8        0x8 C:/Program Files (x86)/Atmel/Studio/7.0/Packs/atmel/ATmega_DFP/1.6.364/gcc/dev/atmega32/avr5/crtatmega32.o
 *(.init9)
 *(.text)
 .text          0x000000b0        0x4 C:/Program Files (x86)/Atmel/Studio/7.0/Packs/atmel/ATmega_DFP/1.6.364/gcc/dev/atmega32/avr5/crtatmega32.o
                0x000000b0                __vector_12
                0x000000b0                __bad_interrupt
                0x000000b0                __vector_13
                0x000000b0                __vector_17
                0x000000b0                __vector_19
                0x000000b0                __vector_15
                0x000000b0                __vector_14
                0x000000b0                __vector_16
                0x000000b0                __vector_18
                0x000000b0                __vector_20
                0x000000b4                . = ALIGN (0x2)
 *(.text.*)
 .text.EXTI_Notify
                0x000000b4        0x8 APP/app.o
 .text.APP_CarsGreenState
                0x000000bc       0x68 APP/app.o
 .text.APP_CarsRedState
                0x00000124       0x68 APP/app.o
 .text.APP_PedestrianGreenState
                0x0000018c       0x5e APP/app.o
 .text.APP_CarsYellowState
                0x000001ea       0x6e APP/app.o
 .text.APP_PedestrianInitState
                0x00000258       0x6a APP/app.o
 .text.APP_PedestrianFinalState
                0x000002c2       0x6a APP/app.o
 .text.APP_UpdateState
                0x0000032c       0x68 APP/app.o
 .text.APP_Init
                0x00000394       0x24 APP/app.o
                0x00000394                APP_Init
 .text.APP_Start
                0x000003b8        0xa APP/app.o
                0x000003b8                APP_Start
 .text.BUTTON_Init
                0x000003c2        0x4 HAL/BUTTON/BUTTON.o
                0x000003c2                BUTTON_Init
 .text.LED_ReadIndex
                0x000003c6       0x40 HAL/LED/LED.o
 .text.LED_Init
                0x00000406        0x4 HAL/LED/LED.o
                0x00000406                LED_Init
 .text.LED_SetClr
                0x0000040a       0x46 HAL/LED/LED.o
                0x0000040a                LED_SetClr
 .text.LED_Toggle
                0x00000450       0x62 HAL/LED/LED.o
                0x00000450                LED_Toggle
 .text.main     0x000004b2        0xa main.o
                0x000004b2                main
 .text.DIO_IsPinAvailable
                0x000004bc       0x7a MCAL/DIO/DIO.o
 .text.DIO_SetPinDirection
                0x00000536       0xbe MCAL/DIO/DIO.o
                0x00000536                DIO_SetPinDirection
 .text.DIO_SetPinValue
                0x000005f4       0xbe MCAL/DIO/DIO.o
                0x000005f4                DIO_SetPinValue
 .text.DIO_ReadPin
                0x000006b2       0x78 MCAL/DIO/DIO.o
                0x000006b2                DIO_ReadPin
 .text.DIO_SetClrPinPullup
                0x0000072a       0xc6 MCAL/DIO/DIO.o
                0x0000072a                DIO_SetClrPinPullup
 .text.DIO_InitPin
                0x000007f0       0x22 MCAL/DIO/DIO.o
                0x000007f0                DIO_InitPin
 .text.DIO_Init
                0x00000812       0x36 MCAL/DIO/DIO.o
                0x00000812                DIO_Init
 .text.EXTI_SetCallback
                0x00000848       0x1c MCAL/EXTI/EXTI.o
 .text.EXTI_ClearInterruptFlag
                0x00000864       0x28 MCAL/EXTI/EXTI.o
 .text.EXTI_SetSensitivity
                0x0000088c      0x150 MCAL/EXTI/EXTI.o
 .text.ISR_Generic
                0x000009dc       0x32 MCAL/EXTI/EXTI.o
 .text.EXTI_Init
                0x00000a0e       0x30 MCAL/EXTI/EXTI.o
                0x00000a0e                EXTI_Init
 .text.EXTI_EnableExternalInterrupt
                0x00000a3e       0x3c MCAL/EXTI/EXTI.o
                0x00000a3e                EXTI_EnableExternalInterrupt
 .text.__vector_1
                0x00000a7a       0x4a MCAL/EXTI/EXTI.o
                0x00000a7a                __vector_1
 .text.__vector_2
                0x00000ac4       0x4a MCAL/EXTI/EXTI.o
                0x00000ac4                __vector_2
 .text.__vector_3
                0x00000b0e       0x4a MCAL/EXTI/EXTI.o
                0x00000b0e                __vector_3
 .text.GIE_Disable
                0x00000b58        0x8 MCAL/GIE/GIE.o
                0x00000b58                GIE_Disable
 .text.GIE_Enable
                0x00000b60        0x8 MCAL/GIE/GIE.o
                0x00000b60                GIE_Enable
 .text.TIMER0_ConfigClock
                0x00000b68       0xb4 MCAL/TIMER/TIMER.o
 .text.TIMER0_ConfigMode
                0x00000c1c       0x54 MCAL/TIMER/TIMER.o
 .text.TIMER0_ConfigOC
                0x00000c70       0x4c MCAL/TIMER/TIMER.o
 .text.TIMER0_Disable
                0x00000cbc       0x10 MCAL/TIMER/TIMER.o
                0x00000cbc                TIMER0_Disable
 .text.TIMER0_SetTimer
                0x00000ccc        0x4 MCAL/TIMER/TIMER.o
                0x00000ccc                TIMER0_SetTimer
 .text.TIMER0_Init
                0x00000cd0       0x2c MCAL/TIMER/TIMER.o
                0x00000cd0                TIMER0_Init
 .text.TIMER_DelayMs
                0x00000cfc       0x62 MCAL/TIMER/TIMER.o
                0x00000cfc                TIMER_DelayMs
 .text.__vector_11
                0x00000d5e       0x5c MCAL/TIMER/TIMER.o
                0x00000d5e                __vector_11
 .text.__vector_10
                0x00000dba       0x5c MCAL/TIMER/TIMER.o
                0x00000dba                __vector_10
 .text.__vector_9
                0x00000e16       0x5c MCAL/TIMER/TIMER.o
                0x00000e16                __vector_9
 .text.__vector_8
                0x00000e72       0x5c MCAL/TIMER/TIMER.o
                0x00000e72                __vector_8
 .text.__vector_7
                0x00000ece       0x5c MCAL/TIMER/TIMER.o
                0x00000ece                __vector_7
 .text.__vector_6
                0x00000f2a       0x5c MCAL/TIMER/TIMER.o
                0x00000f2a                __vector_6
 .text.__vector_5
                0x00000f86       0x5c MCAL/TIMER/TIMER.o
                0x00000f86                __vector_5
 .text.__vector_4
                0x00000fe2       0x5c MCAL/TIMER/TIMER.o
                0x00000fe2                __vector_4
 .text.avr-libc.fplib
                0x0000103e        0x8 c:/program files (x86)/atmel/studio/7.0/toolchain/avr8/avr8-gnu-toolchain/bin/../lib/gcc/avr/5.4.0/../../../../avr/lib/avr5\libm.a(divsf3.o)
                0x0000103e                __divsf3
 .text.avr-libc.fplib
                0x00001046       0xdc c:/program files (x86)/atmel/studio/7.0/toolchain/avr8/avr8-gnu-toolchain/bin/../lib/gcc/avr/5.4.0/../../../../avr/lib/avr5\libm.a(divsf3x.o)
                0x00001066                __divsf3x
                0x0000106c                __divsf3_pse
 .text.avr-libc.fplib
                0x00001122       0x5e c:/program files (x86)/atmel/studio/7.0/toolchain/avr8/avr8-gnu-toolchain/bin/../lib/gcc/avr/5.4.0/../../../../avr/lib/avr5\libm.a(fixunssfsi.o)
                0x00001122                __fixunssfsi
 .text.avr-libc.fplib
                0x00001180       0x7c c:/program files (x86)/atmel/studio/7.0/toolchain/avr8/avr8-gnu-toolchain/bin/../lib/gcc/avr/5.4.0/../../../../avr/lib/avr5\libm.a(floatundisf.o)
                0x00001180                __floatundisf
                0x00001182                __fp_di2sf
 .text.avr-libc.fplib
                0x000011fc        0xc c:/program files (x86)/atmel/studio/7.0/toolchain/avr8/avr8-gnu-toolchain/bin/../lib/gcc/avr/5.4.0/../../../../avr/lib/avr5\libm.a(fp_inf.o)
                0x000011fc                __fp_inf
 .text.avr-libc.fplib
                0x00001208        0x6 c:/program files (x86)/atmel/studio/7.0/toolchain/avr8/avr8-gnu-toolchain/bin/../lib/gcc/avr/5.4.0/../../../../avr/lib/avr5\libm.a(fp_nan.o)
                0x00001208                __fp_nan
 .text.avr-libc.fplib
                0x0000120e        0xe c:/program files (x86)/atmel/studio/7.0/toolchain/avr8/avr8-gnu-toolchain/bin/../lib/gcc/avr/5.4.0/../../../../avr/lib/avr5\libm.a(fp_pscA.o)
                0x0000120e                __fp_pscA
 .text.avr-libc.fplib
                0x0000121c        0xe c:/program files (x86)/atmel/studio/7.0/toolchain/avr8/avr8-gnu-toolchain/bin/../lib/gcc/avr/5.4.0/../../../../avr/lib/avr5\libm.a(fp_pscB.o)
                0x0000121c                __fp_pscB
 .text.avr-libc.fplib
                0x0000122a       0x22 c:/program files (x86)/atmel/studio/7.0/toolchain/avr8/avr8-gnu-toolchain/bin/../lib/gcc/avr/5.4.0/../../../../avr/lib/avr5\libm.a(fp_round.o)
                0x0000122a                __fp_round
 .text.avr-libc.fplib
                0x0000124c       0x44 c:/program files (x86)/atmel/studio/7.0/toolchain/avr8/avr8-gnu-toolchain/bin/../lib/gcc/avr/5.4.0/../../../../avr/lib/avr5\libm.a(fp_split3.o)
                0x0000124c                __fp_split3
                0x0000125c                __fp_splitA
 .text.avr-libc.fplib
                0x00001290        0xe c:/program files (x86)/atmel/studio/7.0/toolchain/avr8/avr8-gnu-toolchain/bin/../lib/gcc/avr/5.4.0/../../../../avr/lib/avr5\libm.a(fp_zero.o)
                0x00001290                __fp_zero
                0x00001292                __fp_szero
 .text.libgcc   0x0000129e        0xc c:/program files (x86)/atmel/studio/7.0/toolchain/avr8/avr8-gnu-toolchain/bin/../lib/gcc/avr/5.4.0/avr5\libgcc.a(_tablejump2.o)
                0x0000129e                __tablejump2__
                0x000012aa                . = ALIGN (0x2)
 *(.fini9)
 .fini9         0x000012aa        0x0 c:/program files (x86)/atmel/studio/7.0/toolchain/avr8/avr8-gnu-toolchain/bin/../lib/gcc/avr/5.4.0/avr5\libgcc.a(_exit.o)
                0x000012aa                _exit
                0x000012aa                exit
 *(.fini9)
 *(.fini8)
 *(.fini8)
 *(.fini7)
 *(.fini7)
 *(.fini6)
 *(.fini6)
 *(.fini5)
 *(.fini5)
 *(.fini4)
 *(.fini4)
 *(.fini3)
 *(.fini3)
 *(.fini2)
 *(.fini2)
 *(.fini1)
 *(.fini1)
 *(.fini0)
 .fini0         0x000012aa        0x4 c:/program files (x86)/atmel/studio/7.0/toolchain/avr8/avr8-gnu-toolchain/bin/../lib/gcc/avr/5.4.0/avr5\libgcc.a(_exit.o)
 *(.fini0)
                0x000012ae                _etext = .

.data           0x00800060       0x4a load address 0x000012ae
                0x00800060                PROVIDE (__data_start, .)
 *(.data)
 *(.data*)
 .data.ledConfigs
                0x00800060        0xc HAL/LED/LED_cfg.o
                0x00800060                ledConfigs
 .data.pinConfigs
                0x0080006c       0x23 MCAL/DIO/DIO_cfg.o
                0x0080006c                pinConfigs
 *(.gnu.linkonce.d*)
 *(.rodata)
 *(.rodata*)
 .rodata.countLedsConfigured
                0x0080008f        0x1 HAL/LED/LED_cfg.o
                0x0080008f                countLedsConfigured
 .rodata.PIN_reg
                0x00800090        0x8 MCAL/DIO/DIO.o
 .rodata.DDR_reg
                0x00800098        0x8 MCAL/DIO/DIO.o
 .rodata.PORT_reg
                0x008000a0        0x8 MCAL/DIO/DIO.o
 .rodata.countPinsConfigured
                0x008000a8        0x1 MCAL/DIO/DIO_cfg.o
                0x008000a8                countPinsConfigured
 *(.gnu.linkonce.r*)
                0x008000aa                . = ALIGN (0x2)
 *fill*         0x008000a9        0x1 
                0x008000aa                _edata = .
                0x008000aa                PROVIDE (__data_end, .)

.bss            0x008000aa       0x18
                0x008000aa                PROVIDE (__bss_start, .)
 *(.bss)
 *(.bss*)
 .bss.isButtonPressed
                0x008000aa        0x1 APP/app.o
 .bss.appState  0x008000ab        0x1 APP/app.o
 .bss.EXTI_callbackPtr
                0x008000ac        0x6 MCAL/EXTI/EXTI.o
 .bss.TIMER2_COMP_CBK_PTR
                0x008000b2        0x2 MCAL/TIMER/TIMER.o
 .bss.TIMER2_OVF_CBK_PTR
                0x008000b4        0x2 MCAL/TIMER/TIMER.o
 .bss.TIMER1_CAPT_CBK_PTR
                0x008000b6        0x2 MCAL/TIMER/TIMER.o
 .bss.TIMER1_COMPB_CBK_PTR
                0x008000b8        0x2 MCAL/TIMER/TIMER.o
 .bss.TIMER1_COMPA_CBK_PTR
                0x008000ba        0x2 MCAL/TIMER/TIMER.o
 .bss.TIMER1_OVF_CBK_PTR
                0x008000bc        0x2 MCAL/TIMER/TIMER.o
 .bss.TIMER0_COMP_CBK_PTR
                0x008000be        0x2 MCAL/TIMER/TIMER.o
 .bss.TIMER0_OVF_CBK_PTR
                0x008000c0        0x2 MCAL/TIMER/TIMER.o
 *(COMMON)
                0x008000c2                PROVIDE (__bss_end, .)
                0x000012ae                __data_load_start = LOADADDR (.data)
                0x000012f8                __data_load_end = (__data_load_start + SIZEOF (.data))

.noinit         0x008000c2        0x0
                [!provide]                PROVIDE (__noinit_start, .)
 *(.noinit*)
                [!provide]                PROVIDE (__noinit_end, .)
                0x008000c2                _end = .
                [!provide]                PROVIDE (__heap_start, .)

.eeprom         0x00810000        0x0
 *(.eeprom*)
                0x00810000                __eeprom_end = .

.fuse
 *(.fuse)
 *(.lfuse)
 *(.hfuse)
 *(.efuse)

.lock
 *(.lock*)

.signature
 *(.signature*)

.user_signatures
 *(.user_signatures*)

.stab
 *(.stab)

.stabstr
 *(.stabstr)

.stab.excl
 *(.stab.excl)

.stab.exclstr
 *(.stab.exclstr)

.stab.index
 *(.stab.index)

.stab.indexstr
 *(.stab.indexstr)

.comment        0x00000000       0x30
 *(.comment)
 .comment       0x00000000       0x30 APP/app.o
                                 0x31 (size before relaxing)
 .comment       0x00000030       0x31 HAL/BUTTON/BUTTON.o
 .comment       0x00000030       0x31 HAL/LED/LED.o
 .comment       0x00000030       0x31 HAL/LED/LED_cfg.o
 .comment       0x00000030       0x31 main.o
 .comment       0x00000030       0x31 MCAL/DIO/DIO.o
 .comment       0x00000030       0x31 MCAL/DIO/DIO_cfg.o
 .comment       0x00000030       0x31 MCAL/EXTI/EXTI.o
 .comment       0x00000030       0x31 MCAL/GIE/GIE.o
 .comment       0x00000030       0x31 MCAL/TIMER/TIMER.o

.note.gnu.avr.deviceinfo
                0x00000000       0x3c
 .note.gnu.avr.deviceinfo
                0x00000000       0x3c C:/Program Files (x86)/Atmel/Studio/7.0/Packs/atmel/ATmega_DFP/1.6.364/gcc/dev/atmega32/avr5/crtatmega32.o

.note.gnu.build-id
 *(.note.gnu.build-id)

.debug
 *(.debug)

.line
 *(.line)

.debug_srcinfo
 *(.debug_srcinfo)

.debug_sfnames
 *(.debug_sfnames)

.debug_aranges  0x00000000      0x400
 *(.debug_aranges)
 .debug_aranges
                0x00000000       0x68 APP/app.o
 .debug_aranges
                0x00000068       0x48 HAL/BUTTON/BUTTON.o
 .debug_aranges
                0x000000b0       0x40 HAL/LED/LED.o
 .debug_aranges
                0x000000f0       0x18 HAL/LED/LED_cfg.o
 .debug_aranges
                0x00000108       0x20 main.o
 .debug_aranges
                0x00000128       0x88 MCAL/DIO/DIO.o
 .debug_aranges
                0x000001b0       0x18 MCAL/DIO/DIO_cfg.o
 .debug_aranges
                0x000001c8       0x68 MCAL/EXTI/EXTI.o
 .debug_aranges
                0x00000230       0x28 MCAL/GIE/GIE.o
 .debug_aranges
                0x00000258      0x1a8 MCAL/TIMER/TIMER.o

.debug_pubnames
 *(.debug_pubnames)

.debug_info     0x00000000     0x3bcb
 *(.debug_info .gnu.linkonce.wi.*)
 .debug_info    0x00000000      0x4e6 C:/Program Files (x86)/Atmel/Studio/7.0/Packs/atmel/ATmega_DFP/1.6.364/gcc/dev/atmega32/avr5/crtatmega32.o
 .debug_info    0x000004e6      0x828 APP/app.o
 .debug_info    0x00000d0e      0x598 HAL/BUTTON/BUTTON.o
 .debug_info    0x000012a6      0x431 HAL/LED/LED.o
 .debug_info    0x000016d7      0x16a HAL/LED/LED_cfg.o
 .debug_info    0x00001841       0x7d main.o
 .debug_info    0x000018be      0x94f MCAL/DIO/DIO.o
 .debug_info    0x0000220d      0x21e MCAL/DIO/DIO_cfg.o
 .debug_info    0x0000242b      0x483 MCAL/EXTI/EXTI.o
 .debug_info    0x000028ae       0xae MCAL/GIE/GIE.o
 .debug_info    0x0000295c     0x126f MCAL/TIMER/TIMER.o

.debug_abbrev   0x00000000     0x1132
 *(.debug_abbrev)
 .debug_abbrev  0x00000000      0x4a3 C:/Program Files (x86)/Atmel/Studio/7.0/Packs/atmel/ATmega_DFP/1.6.364/gcc/dev/atmega32/avr5/crtatmega32.o
 .debug_abbrev  0x000004a3      0x16f APP/app.o
 .debug_abbrev  0x00000612      0x207 HAL/BUTTON/BUTTON.o
 .debug_abbrev  0x00000819      0x194 HAL/LED/LED.o
 .debug_abbrev  0x000009ad       0x86 HAL/LED/LED_cfg.o
 .debug_abbrev  0x00000a33       0x5d main.o
 .debug_abbrev  0x00000a90      0x1ee MCAL/DIO/DIO.o
 .debug_abbrev  0x00000c7e       0x95 MCAL/DIO/DIO_cfg.o
 .debug_abbrev  0x00000d13      0x16f MCAL/EXTI/EXTI.o
 .debug_abbrev  0x00000e82       0x46 MCAL/GIE/GIE.o
 .debug_abbrev  0x00000ec8      0x26a MCAL/TIMER/TIMER.o

.debug_line     0x00000000     0x2230
 *(.debug_line .debug_line.* .debug_line_end)
 .debug_line    0x00000000      0x116 C:/Program Files (x86)/Atmel/Studio/7.0/Packs/atmel/ATmega_DFP/1.6.364/gcc/dev/atmega32/avr5/crtatmega32.o
 .debug_line    0x00000116      0x4b7 APP/app.o
 .debug_line    0x000005cd      0x2fd HAL/BUTTON/BUTTON.o
 .debug_line    0x000008ca      0x1b9 HAL/LED/LED.o
 .debug_line    0x00000a83       0x8f HAL/LED/LED_cfg.o
 .debug_line    0x00000b12       0x5b main.o
 .debug_line    0x00000b6d      0x4ac MCAL/DIO/DIO.o
 .debug_line    0x00001019       0x6e MCAL/DIO/DIO_cfg.o
 .debug_line    0x00001087      0x340 MCAL/EXTI/EXTI.o
 .debug_line    0x000013c7       0x80 MCAL/GIE/GIE.o
 .debug_line    0x00001447      0xde9 MCAL/TIMER/TIMER.o

.debug_frame    0x00000000      0xd04
 *(.debug_frame)
 .debug_frame   0x00000000       0xe4 APP/app.o
 .debug_frame   0x000000e4       0xec HAL/BUTTON/BUTTON.o
 .debug_frame   0x000001d0       0xb8 HAL/LED/LED.o
 .debug_frame   0x00000288       0x24 main.o
 .debug_frame   0x000002ac      0x210 MCAL/DIO/DIO.o
 .debug_frame   0x000004bc      0x1c4 MCAL/EXTI/EXTI.o
 .debug_frame   0x00000680       0x34 MCAL/GIE/GIE.o
 .debug_frame   0x000006b4      0x650 MCAL/TIMER/TIMER.o

.debug_str      0x00000000     0x1744
 *(.debug_str)
 .debug_str     0x00000000      0x196 C:/Program Files (x86)/Atmel/Studio/7.0/Packs/atmel/ATmega_DFP/1.6.364/gcc/dev/atmega32/avr5/crtatmega32.o
 .debug_str     0x00000196      0x458 APP/app.o
                                0x492 (size before relaxing)
 .debug_str     0x000005ee      0x339 HAL/BUTTON/BUTTON.o
                                0x528 (size before relaxing)
 .debug_str     0x00000927       0x71 HAL/LED/LED.o
                                0x42f (size before relaxing)
 .debug_str     0x00000998       0x1e HAL/LED/LED_cfg.o
                                0x316 (size before relaxing)
 .debug_str     0x000009b6       0x11 main.o
                                0x14a (size before relaxing)
 .debug_str     0x000009c7      0x230 MCAL/DIO/DIO.o
                                0x5cc (size before relaxing)
 .debug_str     0x00000bf7       0x16 MCAL/DIO/DIO_cfg.o
                                0x3c6 (size before relaxing)
 .debug_str     0x00000c0d      0x146 MCAL/EXTI/EXTI.o
                                0x39e (size before relaxing)
 .debug_str     0x00000d53       0x12 MCAL/GIE/GIE.o
                                0x1e4 (size before relaxing)
 .debug_str     0x00000d65      0x9df MCAL/TIMER/TIMER.o
                                0xc5b (size before relaxing)

.debug_loc      0x00000000     0x3278
 *(.debug_loc)
 .debug_loc     0x00000000      0x186 APP/app.o
 .debug_loc     0x00000186      0x509 HAL/BUTTON/BUTTON.o
 .debug_loc     0x0000068f      0x327 HAL/LED/LED.o
 .debug_loc     0x000009b6      0xa8f MCAL/DIO/DIO.o
 .debug_loc     0x00001445      0x595 MCAL/EXTI/EXTI.o
 .debug_loc     0x000019da     0x189e MCAL/TIMER/TIMER.o

.debug_macinfo
 *(.debug_macinfo)

.debug_weaknames
 *(.debug_weaknames)

.debug_funcnames
 *(.debug_funcnames)

.debug_typenames
 *(.debug_typenames)

.debug_varnames
 *(.debug_varnames)

.debug_pubtypes
 *(.debug_pubtypes)

.debug_ranges   0x00000000      0x350
 *(.debug_ranges)
 .debug_ranges  0x00000000       0x58 APP/app.o
 .debug_ranges  0x00000058       0x38 HAL/BUTTON/BUTTON.o
 .debug_ranges  0x00000090       0x30 HAL/LED/LED.o
 .debug_ranges  0x000000c0       0x10 main.o
 .debug_ranges  0x000000d0       0x78 MCAL/DIO/DIO.o
 .debug_ranges  0x00000148       0x58 MCAL/EXTI/EXTI.o
 .debug_ranges  0x000001a0       0x18 MCAL/GIE/GIE.o
 .debug_ranges  0x000001b8      0x198 MCAL/TIMER/TIMER.o

.debug_macro
 *(.debug_macro)
OUTPUT(code.elf elf32-avr)
LOAD linker stubs
